Copyright 1986-2022 Xilinx, Inc. All Rights Reserved. Copyright 2022-2023 Advanced Micro Devices, Inc. All Rights Reserved.
--------------------------------------------------------------------------------------------------------------------------------------------------------------------
| Tool Version : Vivado v.2023.2 (win64) Build 4029153 Fri Oct 13 20:14:34 MDT 2023
| Date         : Tue Jul 21 23:06:50 2026
| Host         : DennisE16 running 64-bit major release  (build 9200)
| Command      : report_methodology -file Top_Module_methodology_drc_routed.rpt -pb Top_Module_methodology_drc_routed.pb -rpx Top_Module_methodology_drc_routed.rpx
| Design       : Top_Module
| Device       : xc7a35tcpg236-1
| Speed File   : -1
| Design State : Fully Routed
--------------------------------------------------------------------------------------------------------------------------------------------------------------------

Report Methodology

Table of Contents
-----------------
1. REPORT SUMMARY
2. REPORT DETAILS

1. REPORT SUMMARY
-----------------
            Netlist: netlist
          Floorplan: design_1
      Design limits: <entire design considered>
             Max violations: <unlimited>
             Violations found: 23
+-----------+----------+--------------------------------+------------+
| Rule      | Severity | Description                    | Violations |
+-----------+----------+--------------------------------+------------+
| TIMING-18 | Warning  | Missing input or output delay  | 4          |
| TIMING-20 | Warning  | Non-clocked latch              | 18         |
| LATCH-1   | Advisory | Existing latches in the design | 1          |
+-----------+----------+--------------------------------+------------+

2. REPORT DETAILS
-----------------
TIMING-18#1 Warning
Missing input or output delay  
An input delay is missing on reset_n relative to the rising and/or falling clock edge(s) of sys_clk_pin.
Related violations: <none>

TIMING-18#2 Warning
Missing input or output delay  
An input delay is missing on rx relative to the rising and/or falling clock edge(s) of sys_clk_pin.
Related violations: <none>

TIMING-18#3 Warning
Missing input or output delay  
An output delay is missing on led relative to the rising and/or falling clock edge(s) of sys_clk_pin.
Related violations: <none>

TIMING-18#4 Warning
Missing input or output delay  
An output delay is missing on tx relative to the rising and/or falling clock edge(s) of sys_clk_pin.
Related violations: <none>

TIMING-20#1 Warning
Non-clocked latch  
The latch my_uart_rx/dout_reg_reg[0] cannot be properly analyzed as its control pin my_uart_rx/dout_reg_reg[0]/G is not reached by a timing clock
Related violations: <none>

TIMING-20#2 Warning
Non-clocked latch  
The latch my_uart_rx/dout_reg_reg[1] cannot be properly analyzed as its control pin my_uart_rx/dout_reg_reg[1]/G is not reached by a timing clock
Related violations: <none>

TIMING-20#3 Warning
Non-clocked latch  
The latch my_uart_rx/dout_reg_reg[2] cannot be properly analyzed as its control pin my_uart_rx/dout_reg_reg[2]/G is not reached by a timing clock
Related violations: <none>

TIMING-20#4 Warning
Non-clocked latch  
The latch my_uart_rx/dout_reg_reg[3] cannot be properly analyzed as its control pin my_uart_rx/dout_reg_reg[3]/G is not reached by a timing clock
Related violations: <none>

TIMING-20#5 Warning
Non-clocked latch  
The latch my_uart_rx/dout_reg_reg[4] cannot be properly analyzed as its control pin my_uart_rx/dout_reg_reg[4]/G is not reached by a timing clock
Related violations: <none>

TIMING-20#6 Warning
Non-clocked latch  
The latch my_uart_rx/dout_reg_reg[5] cannot be properly analyzed as its control pin my_uart_rx/dout_reg_reg[5]/G is not reached by a timing clock
Related violations: <none>

TIMING-20#7 Warning
Non-clocked latch  
The latch my_uart_rx/dout_reg_reg[6] cannot be properly analyzed as its control pin my_uart_rx/dout_reg_reg[6]/G is not reached by a timing clock
Related violations: <none>

TIMING-20#8 Warning
Non-clocked latch  
The latch my_uart_rx/dout_reg_reg[7] cannot be properly analyzed as its control pin my_uart_rx/dout_reg_reg[7]/G is not reached by a timing clock
Related violations: <none>

TIMING-20#9 Warning
Non-clocked latch  
The latch my_uart_rx/rx_done_tick_reg cannot be properly analyzed as its control pin my_uart_rx/rx_done_tick_reg/G is not reached by a timing clock
Related violations: <none>

TIMING-20#10 Warning
Non-clocked latch  
The latch my_uart_tx/dataIn_reg_reg[0] cannot be properly analyzed as its control pin my_uart_tx/dataIn_reg_reg[0]/G is not reached by a timing clock
Related violations: <none>

TIMING-20#11 Warning
Non-clocked latch  
The latch my_uart_tx/dataIn_reg_reg[1] cannot be properly analyzed as its control pin my_uart_tx/dataIn_reg_reg[1]/G is not reached by a timing clock
Related violations: <none>

TIMING-20#12 Warning
Non-clocked latch  
The latch my_uart_tx/dataIn_reg_reg[2] cannot be properly analyzed as its control pin my_uart_tx/dataIn_reg_reg[2]/G is not reached by a timing clock
Related violations: <none>

TIMING-20#13 Warning
Non-clocked latch  
The latch my_uart_tx/dataIn_reg_reg[3] cannot be properly analyzed as its control pin my_uart_tx/dataIn_reg_reg[3]/G is not reached by a timing clock
Related violations: <none>

TIMING-20#14 Warning
Non-clocked latch  
The latch my_uart_tx/dataIn_reg_reg[4] cannot be properly analyzed as its control pin my_uart_tx/dataIn_reg_reg[4]/G is not reached by a timing clock
Related violations: <none>

TIMING-20#15 Warning
Non-clocked latch  
The latch my_uart_tx/dataIn_reg_reg[5] cannot be properly analyzed as its control pin my_uart_tx/dataIn_reg_reg[5]/G is not reached by a timing clock
Related violations: <none>

TIMING-20#16 Warning
Non-clocked latch  
The latch my_uart_tx/dataIn_reg_reg[6] cannot be properly analyzed as its control pin my_uart_tx/dataIn_reg_reg[6]/G is not reached by a timing clock
Related violations: <none>

TIMING-20#17 Warning
Non-clocked latch  
The latch my_uart_tx/dataIn_reg_reg[7] cannot be properly analyzed as its control pin my_uart_tx/dataIn_reg_reg[7]/G is not reached by a timing clock
Related violations: <none>

TIMING-20#18 Warning
Non-clocked latch  
The latch my_uart_tx/tx_done_tick_reg cannot be properly analyzed as its control pin my_uart_tx/tx_done_tick_reg/G is not reached by a timing clock
Related violations: <none>

LATCH-1#1 Advisory
Existing latches in the design  
There are 18 latches found in the design. Inferred latches are often the result of HDL coding mistakes, such as incomplete if or case statements.
Related violations: <none>


